{
  "metadata": {
    "generation_date": "2025-08-08",
    "function_tested": "get_keywords_with_gpt",
    "total_test_cases": 82,
    "description": "Données de validation générées automatiquement basées sur l'analyse des requêtes"
  },
  "test_guidelines": {
    "validation_criteria": [
      "Le champ sélectionné est-il le plus approprié pour la requête?",
      "Les mots-clés extraits sont-ils pertinents et complets?",
      "Les synonymes/variantes sont-ils appropriés?",
      "Le format JSON est-il correct et cohérent?"
    ],
    "field_priorities": {
      "auteur": "Priorité haute - noms d'auteurs explicites",
      "titre": "Priorité haute - titres de livres spécifiques",
      "categorie": "Priorité moyenne - genres et catégories",
      "langue": "Priorité moyenne - langues spécifiées",
      "resume": "Priorité basse - thèmes et concepts généraux",
      "pages": "Priorité basse - critères de format"
    }
  },
  "test_cases": [
    {
      "query": "Je cherche des romans de science-fiction",
      "expected_result": {
        "keywords": {
          "auteur": [
            "science",
            "science"
          ]
        }
      },
      "analysis_notes": "",
      "priority": "normal",
      "test_category": "author_query",
      "validation_status": "to_validate"
    },
    {
      "query": "Avez-vous des livres de fantasy épique ?",
      "expected_result": {
        "keywords": {
          "auteur": [
            "fantasy épique",
            "épique"
          ]
        }
      },
      "analysis_notes": "",
      "priority": "normal",
      "test_category": "genre_query",
      "validation_status": "to_validate"
    },
    {
      "query": "Je veux lire un thriller psychologique",
      "expected_result": {
        "keywords": {
          "categorie": [
            "thriller",
            "suspense"
          ]
        }
      },
      "analysis_notes": "",
      "priority": "normal",
      "test_category": "general_query",
      "validation_status": "to_validate"
    },
    {
      "query": "Pouvez-vous me recommander un roman historique ?",
      "expected_result": {
        "keywords": {
          "categorie": [
            "historique",
            "histoire",
            "époque",
            "période"
          ]
        }
      },
      "analysis_notes": "",
      "priority": "normal",
      "test_category": "general_query",
      "validation_status": "to_validate"
    },
    {
      "query": "Je recherche des livres de romance contemporaine",
      "expected_result": {
        "keywords": {
          "auteur": [
            "romance contemporaine",
            "contemporaine"
          ]
        }
      },
      "analysis_notes": "",
      "priority": "normal",
      "test_category": "author_query",
      "validation_status": "to_validate"
    },
    {
      "query": "Montrez-moi des romans policiers français",
      "expected_result": {
        "keywords": {
          "categorie": [
            "policier",
            "polar",
            "crime",
            "enquête"
          ]
        }
      },
      "analysis_notes": "",
      "priority": "normal",
      "test_category": "genre_query",
      "validation_status": "to_validate"
    },
    {
      "query": "Je cherche des livres de développement personnel",
      "expected_result": {
        "keywords": {
          "auteur": [
            "développement personnel",
            "personnel"
          ]
        }
      },
      "analysis_notes": "",
      "priority": "normal",
      "test_category": "author_query",
      "validation_status": "to_validate"
    },
    {
      "query": "Avez-vous des biographies d'entrepreneurs ?",
      "expected_result": {
        "keywords": {
          "categorie": [
            "biographie",
            "vie de"
          ]
        }
      },
      "analysis_notes": "",
      "priority": "normal",
      "test_category": "general_query",
      "validation_status": "to_validate"
    },
    {
      "query": "Je veux des livres sur l'histoire de France",
      "expected_result": {
        "keywords": {
          "categorie": [
            "historique",
            "histoire",
            "époque",
            "période"
          ]
        }
      },
      "analysis_notes": "",
      "priority": "normal",
      "test_category": "author_query",
      "validation_status": "to_validate"
    },
    {
      "query": "Recherchez des ouvrages de philosophie moderne",
      "expected_result": {
        "keywords": {
          "categorie": [
            "philosophie",
            "métaphysique"
          ]
        }
      },
      "analysis_notes": "",
      "priority": "normal",
      "test_category": "author_query",
      "validation_status": "to_validate"
    },
    {
      "query": "Je cherche des livres de cuisine végétarienne",
      "expected_result": {
        "keywords": {
          "auteur": [
            "cuisine végétarienne",
            "végétarienne"
          ]
        }
      },
      "analysis_notes": "",
      "priority": "normal",
      "test_category": "author_query",
      "validation_status": "to_validate"
    },
    {
      "query": "Montrez-moi des guides de voyage en Europe",
      "expected_result": {
        "keywords": {
          "resume": [
            "voyage",
            "tourisme",
            "guide",
            "découverte"
          ]
        }
      },
      "analysis_notes": "",
      "priority": "normal",
      "test_category": "author_query",
      "validation_status": "to_validate"
    },
    {
      "query": "Livres de Victor Hugo",
      "expected_result": {
        "keywords": {
          "auteur": [
            "Victor Hugo",
            "Hugo"
          ]
        }
      },
      "analysis_notes": "",
      "priority": "normal",
      "test_category": "author_query",
      "validation_status": "to_validate"
    },
    {
      "query": "Œuvres complètes d'Agatha Christie",
      "expected_result": {
        "keywords": {
          "auteur": [
            "Agatha Christie",
            "Christie"
          ]
        }
      },
      "analysis_notes": "",
      "priority": "normal",
      "test_category": "author_query",
      "validation_status": "to_validate"
    },
    {
      "query": "Romans de Stephen King",
      "expected_result": {
        "keywords": {
          "auteur": [
            "Stephen King",
            "King"
          ]
        }
      },
      "analysis_notes": "",
      "priority": "normal",
      "test_category": "author_query",
      "validation_status": "to_validate"
    },
    {
      "query": "Je cherche les derniers livres de Guillaume Musso",
      "expected_result": {
        "keywords": {
          "auteur": [
            "Guillaume Musso",
            "Musso"
          ]
        }
      },
      "analysis_notes": "",
      "priority": "normal",
      "test_category": "author_query",
      "validation_status": "to_validate"
    },
    {
      "query": "Avez-vous des livres de Amélie Nothomb ?",
      "expected_result": {
        "keywords": {
          "auteur": [
            "Amélie Nothomb",
            "Nothomb"
          ]
        }
      },
      "analysis_notes": "",
      "priority": "normal",
      "test_category": "author_query",
      "validation_status": "to_validate"
    },
    {
      "query": "Montrez-moi tout de Paulo Coelho",
      "expected_result": {
        "keywords": {
          "auteur": [
            "Paulo Coelho",
            "Coelho"
          ]
        }
      },
      "analysis_notes": "",
      "priority": "normal",
      "test_category": "author_query",
      "validation_status": "to_validate"
    },
    {
      "query": "Le Petit Prince",
      "expected_result": {
        "keywords": {
          "titre": [
            "Le Petit Prince",
            "Petit Prince"
          ]
        }
      },
      "analysis_notes": "",
      "priority": "normal",
      "test_category": "general_query",
      "validation_status": "to_validate"
    },
    {
      "query": "1984 de George Orwell",
      "expected_result": {
        "keywords": {
          "titre": [
            "1984",
            "Nineteen Eighty-Four"
          ]
        }
      },
      "analysis_notes": "",
      "priority": "normal",
      "test_category": "author_query",
      "validation_status": "to_validate"
    },
    {
      "query": "L'Étranger de Camus",
      "expected_result": {
        "keywords": {
          "titre": [
            "L'Étranger",
            "Etranger"
          ]
        }
      },
      "analysis_notes": "",
      "priority": "normal",
      "test_category": "author_query",
      "validation_status": "to_validate"
    },
    {
      "query": "Harry Potter à l'école des sorciers",
      "expected_result": {
        "keywords": {
          "titre": [
            "Harry Potter",
            "Potter"
          ]
        }
      },
      "analysis_notes": "",
      "priority": "normal",
      "test_category": "general_query",
      "validation_status": "to_validate"
    },
    {
      "query": "Da Vinci Code",
      "expected_result": {
        "keywords": {
          "titre": [
            "Da Vinci Code",
            "Code Da Vinci"
          ]
        }
      },
      "analysis_notes": "",
      "priority": "normal",
      "test_category": "general_query",
      "validation_status": "to_validate"
    },
    {
      "query": "Livres sur l'intelligence artificielle",
      "expected_result": {
        "keywords": {
          "resume": [
            "intelligence artificielle",
            "IA",
            "AI",
            "technologie"
          ]
        }
      },
      "analysis_notes": "",
      "priority": "normal",
      "test_category": "theme_query",
      "validation_status": "to_validate"
    },
    {
      "query": "Romans sur la Seconde Guerre mondiale",
      "expected_result": {
        "keywords": {
          "resume": [
            "Seconde Guerre mondiale",
            "WWII",
            "guerre",
            "1939-1945"
          ]
        }
      },
      "analysis_notes": "",
      "priority": "normal",
      "test_category": "author_query",
      "validation_status": "to_validate"
    },
    {
      "query": "Livres de management d'équipe",
      "expected_result": {
        "keywords": {
          "auteur": [
            "management",
            "management"
          ]
        }
      },
      "analysis_notes": "",
      "priority": "normal",
      "test_category": "author_query",
      "validation_status": "to_validate"
    },
    {
      "query": "Livres d'apprentissage du français",
      "expected_result": {
        "keywords": {
          "categorie": [
            "d'apprentissage",
            "français"
          ]
        }
      },
      "analysis_notes": "",
      "priority": "normal",
      "test_category": "language_query",
      "validation_status": "to_validate"
    },
    {
      "query": "Guides pour créer une entreprise",
      "expected_result": {
        "keywords": {
          "categorie": [
            "guides",
            "créer",
            "entreprise"
          ]
        }
      },
      "analysis_notes": "",
      "priority": "normal",
      "test_category": "general_query",
      "validation_status": "to_validate"
    },
    {
      "query": "Livres en anglais pour débutants",
      "expected_result": {
        "keywords": {
          "langue": [
            "anglais",
            "english"
          ]
        }
      },
      "analysis_notes": "",
      "priority": "normal",
      "test_category": "language_query",
      "validation_status": "to_validate"
    },
    {
      "query": "Romans français contemporains",
      "expected_result": {
        "keywords": {
          "categorie": [
            "français",
            "contemporains"
          ]
        }
      },
      "analysis_notes": "",
      "priority": "normal",
      "test_category": "language_query",
      "validation_status": "to_validate"
    },
    {
      "query": "Livres en espagnol niveau intermédiaire",
      "expected_result": {
        "keywords": {
          "langue": [
            "espagnol",
            "spanish"
          ]
        }
      },
      "analysis_notes": "",
      "priority": "normal",
      "test_category": "language_query",
      "validation_status": "to_validate"
    },
    {
      "query": "Ouvrages en italien sur l'art",
      "expected_result": {
        "keywords": {
          "langue": [
            "italien",
            "italian"
          ]
        }
      },
      "analysis_notes": "",
      "priority": "normal",
      "test_category": "language_query",
      "validation_status": "to_validate"
    },
    {
      "query": "Livres bilingues français-anglais",
      "expected_result": {
        "keywords": {
          "langue": [
            "anglais",
            "english"
          ]
        }
      },
      "analysis_notes": "",
      "priority": "normal",
      "test_category": "language_query",
      "validation_status": "to_validate"
    },
    {
      "query": "Livres courts de moins de 200 pages",
      "expected_result": {
        "keywords": {
          "pages": [
            "moins de 200",
            "court",
            "bref"
          ]
        }
      },
      "analysis_notes": "",
      "priority": "normal",
      "test_category": "author_query",
      "validation_status": "to_validate"
    },
    {
      "query": "Romans volumineux de plus de 500 pages",
      "expected_result": {
        "keywords": {
          "pages": [
            "plus de 500",
            "volumineux",
            "long"
          ]
        }
      },
      "analysis_notes": "",
      "priority": "normal",
      "test_category": "author_query",
      "validation_status": "to_validate"
    },
    {
      "query": "Nouvelles et recueils de contes",
      "expected_result": {
        "keywords": {
          "categorie": [
            "nouvelles",
            "recueils",
            "contes"
          ]
        }
      },
      "analysis_notes": "",
      "priority": "normal",
      "test_category": "author_query",
      "validation_status": "to_validate"
    },
    {
      "query": "Livres audio disponibles",
      "expected_result": {
        "keywords": {
          "categorie": [
            "audio",
            "disponibles"
          ]
        }
      },
      "analysis_notes": "",
      "priority": "normal",
      "test_category": "general_query",
      "validation_status": "to_validate"
    },
    {
      "query": "BD et romans graphiques",
      "expected_result": {
        "keywords": {
          "categorie": [
            "graphiques"
          ]
        }
      },
      "analysis_notes": "",
      "priority": "normal",
      "test_category": "general_query",
      "validation_status": "to_validate"
    },
    {
      "query": "Livres universitaires en économie",
      "expected_result": {
        "keywords": {
          "categorie": [
            "universitaires",
            "économie"
          ]
        }
      },
      "analysis_notes": "",
      "priority": "normal",
      "test_category": "general_query",
      "validation_status": "to_validate"
    },
    {
      "query": "Manuels de mathématiques niveau lycée",
      "expected_result": {
        "keywords": {
          "categorie": [
            "manuels",
            "mathématiques",
            "niveau"
          ]
        }
      },
      "analysis_notes": "",
      "priority": "normal",
      "test_category": "author_query",
      "validation_status": "to_validate"
    },
    {
      "query": "Ouvrages de référence en droit",
      "expected_result": {
        "keywords": {
          "categorie": [
            "ouvrages",
            "référence",
            "droit"
          ]
        }
      },
      "analysis_notes": "",
      "priority": "normal",
      "test_category": "author_query",
      "validation_status": "to_validate"
    },
    {
      "query": "Livres de médecine générale",
      "expected_result": {
        "keywords": {
          "auteur": [
            "médecine générale",
            "générale"
          ]
        }
      },
      "analysis_notes": "",
      "priority": "normal",
      "test_category": "author_query",
      "validation_status": "to_validate"
    },
    {
      "query": "Traités de psychologie cognitive",
      "expected_result": {
        "keywords": {
          "categorie": [
            "traités",
            "psychologie",
            "cognitive"
          ]
        }
      },
      "analysis_notes": "",
      "priority": "normal",
      "test_category": "author_query",
      "validation_status": "to_validate"
    },
    {
      "query": "Livres publiés cette année",
      "expected_result": {
        "keywords": {
          "categorie": [
            "publiés",
            "cette",
            "année"
          ]
        }
      },
      "analysis_notes": "",
      "priority": "normal",
      "test_category": "general_query",
      "validation_status": "to_validate"
    },
    {
      "query": "Classiques du 19ème siècle",
      "expected_result": {
        "keywords": {
          "categorie": [
            "classiques",
            "19ème",
            "siècle"
          ]
        }
      },
      "analysis_notes": "",
      "priority": "normal",
      "test_category": "general_query",
      "validation_status": "to_validate"
    },
    {
      "query": "Nouveautés de 2024",
      "expected_result": {
        "keywords": {
          "categorie": [
            "nouveautés",
            "2024"
          ]
        }
      },
      "analysis_notes": "",
      "priority": "normal",
      "test_category": "author_query",
      "validation_status": "to_validate"
    },
    {
      "query": "Livres des années 1990",
      "expected_result": {
        "keywords": {
          "categorie": [
            "années",
            "1990"
          ]
        }
      },
      "analysis_notes": "",
      "priority": "normal",
      "test_category": "general_query",
      "validation_status": "to_validate"
    },
    {
      "query": "Œuvres du siècle des Lumières",
      "expected_result": {
        "keywords": {
          "categorie": [
            "œuvres",
            "siècle",
            "lumières"
          ]
        }
      },
      "analysis_notes": "",
      "priority": "normal",
      "test_category": "author_query",
      "validation_status": "to_validate"
    },
    {
      "query": "Livres Prix Goncourt",
      "expected_result": {
        "keywords": {
          "categorie": [
            "prix",
            "goncourt"
          ]
        }
      },
      "analysis_notes": "",
      "priority": "normal",
      "test_category": "general_query",
      "validation_status": "to_validate"
    },
    {
      "query": "Best-sellers actuels",
      "expected_result": {
        "keywords": {
          "categorie": [
            "best-sellers",
            "actuels"
          ]
        }
      },
      "analysis_notes": "",
      "priority": "normal",
      "test_category": "general_query",
      "validation_status": "to_validate"
    },
    {
      "query": "Livres adaptés au cinéma",
      "expected_result": {
        "keywords": {
          "categorie": [
            "adaptés",
            "cinéma"
          ]
        }
      },
      "analysis_notes": "",
      "priority": "normal",
      "test_category": "general_query",
      "validation_status": "to_validate"
    },
    {
      "query": "Prix Nobel de littérature",
      "expected_result": {
        "keywords": {
          "categorie": [
            "prix",
            "nobel",
            "littérature"
          ]
        }
      },
      "analysis_notes": "",
      "priority": "normal",
      "test_category": "author_query",
      "validation_status": "to_validate"
    },
    {
      "query": "Livres recommandés par les critiques",
      "expected_result": {
        "keywords": {
          "categorie": [
            "recommandés",
            "critiques"
          ]
        }
      },
      "analysis_notes": "",
      "priority": "normal",
      "test_category": "general_query",
      "validation_status": "to_validate"
    },
    {
      "query": "Roman policier français publié après 2020",
      "expected_result": {
        "keywords": {
          "categorie": [
            "policier",
            "polar",
            "crime",
            "enquête"
          ]
        }
      },
      "analysis_notes": "",
      "priority": "normal",
      "test_category": "language_query",
      "validation_status": "to_validate"
    },
    {
      "query": "Livre de cuisine végétarienne en français de moins de 300 pages",
      "expected_result": {
        "keywords": {
          "auteur": [
            "cuisine végétarienne en français de moins de",
            "de"
          ]
        }
      },
      "analysis_notes": "",
      "priority": "normal",
      "test_category": "author_query",
      "validation_status": "to_validate"
    },
    {
      "query": "Biographie d'un scientifique traduite de l'anglais",
      "expected_result": {
        "keywords": {
          "categorie": [
            "biographie",
            "vie de"
          ]
        }
      },
      "analysis_notes": "",
      "priority": "normal",
      "test_category": "author_query",
      "validation_status": "to_validate"
    },
    {
      "query": "Roman de science-fiction écrit par une femme",
      "expected_result": {
        "keywords": {
          "auteur": [
            "science",
            "science"
          ]
        }
      },
      "analysis_notes": "",
      "priority": "normal",
      "test_category": "author_query",
      "validation_status": "to_validate"
    },
    {
      "query": "Livre de développement personnel avec plus de 4 étoiles",
      "expected_result": {
        "keywords": {
          "auteur": [
            "développement personnel avec plus de",
            "de"
          ]
        }
      },
      "analysis_notes": "",
      "priority": "normal",
      "test_category": "author_query",
      "validation_status": "to_validate"
    },
    {
      "query": "Livres qui parlent d'amitié",
      "expected_result": {
        "keywords": {
          "categorie": [
            "parlent",
            "d'amitié"
          ]
        }
      },
      "analysis_notes": "",
      "priority": "normal",
      "test_category": "theme_query",
      "validation_status": "to_validate"
    },
    {
      "query": "Romans sur le voyage dans le temps",
      "expected_result": {
        "keywords": {
          "resume": [
            "voyage",
            "tourisme",
            "guide",
            "découverte"
          ]
        }
      },
      "analysis_notes": "",
      "priority": "normal",
      "test_category": "theme_query",
      "validation_status": "to_validate"
    },
    {
      "query": "Ouvrages traitant de l'écologie",
      "expected_result": {
        "keywords": {
          "categorie": [
            "ouvrages",
            "traitant",
            "l'écologie"
          ]
        }
      },
      "analysis_notes": "",
      "priority": "normal",
      "test_category": "author_query",
      "validation_status": "to_validate"
    },
    {
      "query": "Livres sur l'art de vivre",
      "expected_result": {
        "keywords": {
          "resume": [
            "art",
            "peinture",
            "sculpture",
            "artistique"
          ]
        }
      },
      "analysis_notes": "",
      "priority": "normal",
      "test_category": "author_query",
      "validation_status": "to_validate"
    },
    {
      "query": "Romans avec des dragons",
      "expected_result": {
        "keywords": {
          "categorie": [
            "avec",
            "dragons"
          ]
        }
      },
      "analysis_notes": "",
      "priority": "normal",
      "test_category": "general_query",
      "validation_status": "to_validate"
    },
    {
      "query": "Livres sur l'entrepreneuriat féminin",
      "expected_result": {
        "keywords": {
          "categorie": [
            "l"
          ]
        }
      },
      "analysis_notes": "",
      "priority": "normal",
      "test_category": "theme_query",
      "validation_status": "to_validate"
    },
    {
      "query": "Je veux quelque chose de léger et drôle",
      "expected_result": {
        "keywords": {
          "categorie": [
            "quelque",
            "chose",
            "léger"
          ]
        }
      },
      "analysis_notes": "",
      "priority": "normal",
      "test_category": "author_query",
      "validation_status": "to_validate"
    },
    {
      "query": "Un livre pour me motiver",
      "expected_result": {
        "keywords": {
          "categorie": [
            "livre",
            "motiver"
          ]
        }
      },
      "analysis_notes": "",
      "priority": "normal",
      "test_category": "general_query",
      "validation_status": "to_validate"
    },
    {
      "query": "Romans tristes qui font pleurer",
      "expected_result": {
        "keywords": {
          "categorie": [
            "tristes",
            "font",
            "pleurer"
          ]
        }
      },
      "analysis_notes": "",
      "priority": "normal",
      "test_category": "general_query",
      "validation_status": "to_validate"
    },
    {
      "query": "Livres inspirants sur le succès",
      "expected_result": {
        "keywords": {
          "categorie": [
            "le succès"
          ]
        }
      },
      "analysis_notes": "",
      "priority": "normal",
      "test_category": "theme_query",
      "validation_status": "to_validate"
    },
    {
      "query": "Quelque chose de mystérieux et intriguant",
      "expected_result": {
        "keywords": {
          "categorie": [
            "quelque",
            "chose",
            "mystérieux"
          ]
        }
      },
      "analysis_notes": "",
      "priority": "normal",
      "test_category": "author_query",
      "validation_status": "to_validate"
    },
    {
      "query": "Un livre réconfortant pour l'hiver",
      "expected_result": {
        "keywords": {
          "categorie": [
            "livre",
            "réconfortant",
            "l'hiver"
          ]
        }
      },
      "analysis_notes": "",
      "priority": "normal",
      "test_category": "general_query",
      "validation_status": "to_validate"
    },
    {
      "query": "Je cherche des romans de science-fiction français",
      "expected_result": {
        "keywords": {
          "auteur": [
            "science",
            "science"
          ]
        }
      },
      "analysis_notes": "",
      "priority": "normal",
      "test_category": "author_query",
      "validation_status": "to_validate"
    },
    {
      "query": "Livres de développement personnel de moins de 250 pages",
      "expected_result": {
        "keywords": {
          "auteur": [
            "développement personnel de moins de",
            "de"
          ]
        }
      },
      "analysis_notes": "",
      "priority": "normal",
      "test_category": "author_query",
      "validation_status": "to_validate"
    },
    {
      "query": "Romans policiers avec des enquêtrices femmes",
      "expected_result": {
        "keywords": {
          "categorie": [
            "policier",
            "polar",
            "crime",
            "enquête"
          ]
        }
      },
      "analysis_notes": "",
      "priority": "normal",
      "test_category": "genre_query",
      "validation_status": "to_validate"
    },
    {
      "query": "Biographies d'artistes peintres",
      "expected_result": {
        "keywords": {
          "categorie": [
            "biographie",
            "vie de"
          ]
        }
      },
      "analysis_notes": "",
      "priority": "normal",
      "test_category": "general_query",
      "validation_status": "to_validate"
    },
    {
      "query": "Un livre pour comprendre les rêves",
      "expected_result": {
        "keywords": {
          "categorie": [
            "livre",
            "comprendre",
            "rêves"
          ]
        }
      },
      "analysis_notes": "",
      "priority": "normal",
      "test_category": "general_query",
      "validation_status": "to_validate"
    },
    {
      "query": "Romans qui se passent dans l'espace",
      "expected_result": {
        "keywords": {
          "categorie": [
            "passent",
            "dans",
            "l'espace"
          ]
        }
      },
      "analysis_notes": "",
      "priority": "normal",
      "test_category": "general_query",
      "validation_status": "to_validate"
    },
    {
      "query": "Livres sur les secrets de cuisine de grand-mère",
      "expected_result": {
        "keywords": {
          "categorie": [
            "cuisine",
            "culinaire",
            "recettes"
          ]
        }
      },
      "analysis_notes": "",
      "priority": "normal",
      "test_category": "author_query",
      "validation_status": "to_validate"
    },
    {
      "query": "Histoire des inventions qui ont changé le monde",
      "expected_result": {
        "keywords": {
          "categorie": [
            "historique",
            "histoire",
            "époque",
            "période"
          ]
        }
      },
      "analysis_notes": "",
      "priority": "normal",
      "test_category": "general_query",
      "validation_status": "to_validate"
    },
    {
      "query": "Romans avec des héros non conventionnels",
      "expected_result": {
        "keywords": {
          "categorie": [
            "avec",
            "héros",
            "conventionnels"
          ]
        }
      },
      "analysis_notes": "",
      "priority": "normal",
      "test_category": "general_query",
      "validation_status": "to_validate"
    },
    {
      "query": "Guides pour voyager avec un petit budget",
      "expected_result": {
        "keywords": {
          "resume": [
            "voyage",
            "tourisme",
            "guide",
            "découverte"
          ]
        }
      },
      "analysis_notes": "",
      "priority": "normal",
      "test_category": "general_query",
      "validation_status": "to_validate"
    },
    {
      "query": "Livres sur les légendes urbaines",
      "expected_result": {
        "keywords": {
          "categorie": [
            "les légendes urbaines"
          ]
        }
      },
      "analysis_notes": "",
      "priority": "normal",
      "test_category": "theme_query",
      "validation_status": "to_validate"
    },
    {
      "query": "Romans épistolaires (écrits sous forme de lettres)",
      "expected_result": {
        "keywords": {
          "categorie": [
            "lettres"
          ]
        }
      },
      "analysis_notes": "",
      "priority": "normal",
      "test_category": "author_query",
      "validation_status": "to_validate"
    }
  ]
}